INFO: kbplacer_plugin_action.py:73: Plugin version: 0.19
INFO: kbplacer_plugin_action.py:74: Python version: '3.11.5 (main, Jan 23 2026, 07:39:48) [MSC v.1944 64 bit (AMD64)]'
INFO: kbplacer_plugin_action.py:75: KiCad version: 10.0.3 with 4.2.2 msw (phoenix) wxWidgets 3.3.2
INFO: kbplacer_dialog.py:799: Language: en
INFO: kbplacer_plugin_action.py:83: GUI state: {"layout_path": "https://editor.keyboard-tools.xyz/#share=NrDeCIE9wLgWgAwDoBMBWANOAhrBBfLcIk8Ys08qyogXQ2AqeuZtefsZe7Z44fbUIAD1gAWQoJIjYcABxYA7rBSTiEZTFV1aQA", "key_distance": [19.05, 19.05], "key_info": {"annotation_format": "SW{}", "position_option": "Default", "position": {"x": 0.0, "y": 0.0, "orientation": 0.0, "side": "Front"}, "template_path": "", "start_index": 1}, "enable_diode_placement": true, "route_switches_with_diodes": true, "optimize_diodes_orientation": false, "diode_info": {"annotation_format": "D{}", "position_option": "Default", "position": {"x": 5.08, "y": 4.0, "orientation": 90.0, "side": "Back"}, "template_path": "", "start_index": -1}, "additional_elements": [{"annotation_format": "ST{}", "position_option": "Custom", "position": {"x": 0.0, "y": 0.0, "orientation": 0.0, "side": "Front"}, "template_path": "", "start_index": -1}], "route_rows_and_columns": true, "template_path": "", "generate_outline": false, "outline_delta": 0.0, "layout_offset": null}
WARNING: key_placer.py:145: Unexpected switch net position detected. Each switch should have exactly two unique nets unambiguously defining its position in the key matrix (one ROW and one COL). The following switches do not: SW48 (nets: ['+3.3V', '/JoystickSelect', '/JoystickX', '/JoystickY', 'GND']). Their pads may be unconnected or wired incorrectly, so switch-by-matrix association can't be used.
DEBUG: key_placer.py:153: Switches by nets: {}
DEBUG: key_placer.py:157: Diodes by switch: {'SW46': ['D46'], 'SW45': ['D45'], 'SW44': ['D44'], 'SW43': ['D43'], 'SW42': ['D42'], 'SW41': ['D41'], 'SW40': ['D40'], 'SW39': ['D39'], 'SW38': ['D38'], 'SW37': ['D37'], 'SW36': ['D36'], 'SW35': ['D35'], 'SW34': ['D34'], 'SW33': ['D33'], 'SW32': ['D32'], 'SW31': ['D31'], 'SW30': ['D30'], 'SW29': ['D29'], 'SW28': ['D28'], 'SW27': ['D27'], 'SW26': ['D26'], 'SW25': ['D25'], 'SW24': ['D24'], 'SW23': ['D23'], 'SW22': ['D22'], 'SW21': ['D21'], 'SW20': ['D20'], 'SW19': ['D19'], 'SW18': ['D18'], 'SW17': ['D17'], 'SW16': ['D16'], 'SW15': ['D15'], 'SW14': ['D14'], 'SW13': ['D13'], 'SW12': ['D12'], 'SW11': ['D11'], 'SW10': ['D10'], 'SW9': ['D9'], 'SW8': ['D8'], 'SW7': ['D7'], 'SW6': ['D6'], 'SW5': ['D5'], 'SW4': ['D4'], 'SW3': ['D3'], 'SW2': ['D2'], 'SW1': ['D1']}
INFO: key_placer.py:785: Using key 1U distance: (19.05, 19.05) mm
INFO: key_placer.py:803: Layout offset: (28575000, 33337500)
DEBUG: kle_serial.py:1131: Layout with: x_ortholinear_keys=46, y_ortholinear_keys=46, rotated_keys=0, encoders=0, iso_enters=0 and unrecognized_shape_keys=0
DEBUG: kle_serial.py:1156: Layout tagged: [<KeyboardTag.ORTHOLINEAR: 1>]
DEBUG: board_modifier.py:119: Setting SW1 footprint position: (38100000, 38100000)
DEBUG: board_modifier.py:119: Setting SW2 footprint position: (57150000, 38100000)
DEBUG: board_modifier.py:119: Setting SW3 footprint position: (76200000, 38100000)
DEBUG: board_modifier.py:119: Setting SW4 footprint position: (95250000, 38100000)
DEBUG: board_modifier.py:119: Setting SW5 footprint position: (114300000, 38100000)
DEBUG: board_modifier.py:119: Setting SW6 footprint position: (133350000, 38100000)
DEBUG: board_modifier.py:119: Setting SW7 footprint position: (152400000, 38100000)
DEBUG: board_modifier.py:119: Setting SW8 footprint position: (171450000, 38100000)
DEBUG: board_modifier.py:119: Setting SW9 footprint position: (190500000, 38100000)
DEBUG: board_modifier.py:119: Setting SW10 footprint position: (209550000, 38100000)
DEBUG: board_modifier.py:119: Setting SW11 footprint position: (228600000, 38100000)
DEBUG: board_modifier.py:119: Setting SW12 footprint position: (247650000, 38100000)
DEBUG: board_modifier.py:119: Setting SW13 footprint position: (38100000, 57150000)
DEBUG: board_modifier.py:119: Setting SW14 footprint position: (57150000, 57150000)
DEBUG: board_modifier.py:119: Setting SW15 footprint position: (76200000, 57150000)
DEBUG: board_modifier.py:119: Setting SW16 footprint position: (95250000, 57150000)
DEBUG: board_modifier.py:119: Setting SW17 footprint position: (114300000, 57150000)
DEBUG: board_modifier.py:119: Setting SW18 footprint position: (133350000, 57150000)
DEBUG: board_modifier.py:119: Setting SW19 footprint position: (152400000, 57150000)
DEBUG: board_modifier.py:119: Setting SW20 footprint position: (171450000, 57150000)
DEBUG: board_modifier.py:119: Setting SW21 footprint position: (190500000, 57150000)
DEBUG: board_modifier.py:119: Setting SW22 footprint position: (209550000, 57150000)
DEBUG: board_modifier.py:119: Setting SW23 footprint position: (228600000, 57150000)
DEBUG: board_modifier.py:119: Setting SW24 footprint position: (247650000, 57150000)
DEBUG: board_modifier.py:119: Setting SW25 footprint position: (38100000, 76200000)
DEBUG: board_modifier.py:119: Setting SW26 footprint position: (57150000, 76200000)
DEBUG: board_modifier.py:119: Setting SW27 footprint position: (76200000, 76200000)
DEBUG: board_modifier.py:119: Setting SW28 footprint position: (95250000, 76200000)
DEBUG: board_modifier.py:119: Setting SW29 footprint position: (114300000, 76200000)
DEBUG: board_modifier.py:119: Setting SW30 footprint position: (133350000, 76200000)
DEBUG: board_modifier.py:119: Setting SW31 footprint position: (152400000, 76200000)
DEBUG: board_modifier.py:119: Setting SW32 footprint position: (171450000, 76200000)
DEBUG: board_modifier.py:119: Setting SW33 footprint position: (190500000, 76200000)
DEBUG: board_modifier.py:119: Setting SW34 footprint position: (209550000, 76200000)
DEBUG: board_modifier.py:119: Setting SW35 footprint position: (228600000, 76200000)
DEBUG: board_modifier.py:119: Setting SW36 footprint position: (247650000, 76200000)
DEBUG: board_modifier.py:119: Setting SW37 footprint position: (38100000, 95250000)
DEBUG: board_modifier.py:119: Setting SW38 footprint position: (57150000, 95250000)
DEBUG: board_modifier.py:119: Setting SW39 footprint position: (76200000, 95250000)
DEBUG: board_modifier.py:119: Setting SW40 footprint position: (95250000, 95250000)
DEBUG: board_modifier.py:119: Setting SW41 footprint position: (190500000, 95250000)
DEBUG: board_modifier.py:119: Setting SW42 footprint position: (209550000, 95250000)
DEBUG: board_modifier.py:119: Setting SW43 footprint position: (228600000, 95250000)
DEBUG: board_modifier.py:119: Setting SW44 footprint position: (247650000, 95250000)
DEBUG: board_modifier.py:119: Setting SW45 footprint position: (123825000, 95250000)
DEBUG: board_modifier.py:119: Setting SW46 footprint position: (161925000, 95250000)
INFO: key_placer.py:1238: Diode info: [ElementInfo(annotation_format='D{}', position_option=<PositionOption.DEFAULT: 'Default'>, position=ElementPosition(x=5.08, y=4.0, orientation=90.0, side=<Side.BACK: 'Back'>), template_path='', start_index=-1)]
DEBUG: board_modifier.py:132: Getting SW0 footprint position: (168815000, 129785000)
DEBUG: board_modifier.py:132: Getting SW1 footprint position: (38100000, 38100000)
DEBUG: board_modifier.py:119: Setting D1 footprint position: (43180000, 42100000)
DEBUG: board_modifier.py:132: Getting SW2 footprint position: (57150000, 38100000)
DEBUG: board_modifier.py:119: Setting D2 footprint position: (62230000, 42100000)
DEBUG: board_modifier.py:132: Getting SW3 footprint position: (76200000, 38100000)
DEBUG: board_modifier.py:119: Setting D3 footprint position: (81280000, 42100000)
DEBUG: board_modifier.py:132: Getting SW4 footprint position: (95250000, 38100000)
DEBUG: board_modifier.py:119: Setting D4 footprint position: (100330000, 42100000)
DEBUG: board_modifier.py:132: Getting SW5 footprint position: (114300000, 38100000)
DEBUG: board_modifier.py:119: Setting D5 footprint position: (119380000, 42100000)
DEBUG: board_modifier.py:132: Getting SW6 footprint position: (133350000, 38100000)
DEBUG: board_modifier.py:119: Setting D6 footprint position: (138430000, 42100000)
DEBUG: board_modifier.py:132: Getting SW7 footprint position: (152400000, 38100000)
DEBUG: board_modifier.py:119: Setting D7 footprint position: (157480000, 42100000)
DEBUG: board_modifier.py:132: Getting SW8 footprint position: (171450000, 38100000)
DEBUG: board_modifier.py:119: Setting D8 footprint position: (176530000, 42100000)
DEBUG: board_modifier.py:132: Getting SW9 footprint position: (190500000, 38100000)
DEBUG: board_modifier.py:119: Setting D9 footprint position: (195580000, 42100000)
DEBUG: board_modifier.py:132: Getting SW10 footprint position: (209550000, 38100000)
DEBUG: board_modifier.py:119: Setting D10 footprint position: (214630000, 42100000)
DEBUG: board_modifier.py:132: Getting SW11 footprint position: (228600000, 38100000)
DEBUG: board_modifier.py:119: Setting D11 footprint position: (233680000, 42100000)
DEBUG: board_modifier.py:132: Getting SW12 footprint position: (247650000, 38100000)
DEBUG: board_modifier.py:119: Setting D12 footprint position: (252730000, 42100000)
DEBUG: board_modifier.py:132: Getting SW13 footprint position: (38100000, 57150000)
DEBUG: board_modifier.py:119: Setting D13 footprint position: (43180000, 61150000)
DEBUG: board_modifier.py:132: Getting SW14 footprint position: (57150000, 57150000)
DEBUG: board_modifier.py:119: Setting D14 footprint position: (62230000, 61150000)
DEBUG: board_modifier.py:132: Getting SW15 footprint position: (76200000, 57150000)
DEBUG: board_modifier.py:119: Setting D15 footprint position: (81280000, 61150000)
DEBUG: board_modifier.py:132: Getting SW16 footprint position: (95250000, 57150000)
DEBUG: board_modifier.py:119: Setting D16 footprint position: (100330000, 61150000)
DEBUG: board_modifier.py:132: Getting SW17 footprint position: (114300000, 57150000)
DEBUG: board_modifier.py:119: Setting D17 footprint position: (119380000, 61150000)
DEBUG: board_modifier.py:132: Getting SW18 footprint position: (133350000, 57150000)
DEBUG: board_modifier.py:119: Setting D18 footprint position: (138430000, 61150000)
DEBUG: board_modifier.py:132: Getting SW19 footprint position: (152400000, 57150000)
DEBUG: board_modifier.py:119: Setting D19 footprint position: (157480000, 61150000)
DEBUG: board_modifier.py:132: Getting SW20 footprint position: (171450000, 57150000)
DEBUG: board_modifier.py:119: Setting D20 footprint position: (176530000, 61150000)
DEBUG: board_modifier.py:132: Getting SW21 footprint position: (190500000, 57150000)
DEBUG: board_modifier.py:119: Setting D21 footprint position: (195580000, 61150000)
DEBUG: board_modifier.py:132: Getting SW22 footprint position: (209550000, 57150000)
DEBUG: board_modifier.py:119: Setting D22 footprint position: (214630000, 61150000)
DEBUG: board_modifier.py:132: Getting SW23 footprint position: (228600000, 57150000)
DEBUG: board_modifier.py:119: Setting D23 footprint position: (233680000, 61150000)
DEBUG: board_modifier.py:132: Getting SW24 footprint position: (247650000, 57150000)
DEBUG: board_modifier.py:119: Setting D24 footprint position: (252730000, 61150000)
DEBUG: board_modifier.py:132: Getting SW25 footprint position: (38100000, 76200000)
DEBUG: board_modifier.py:119: Setting D25 footprint position: (43180000, 80200000)
DEBUG: board_modifier.py:132: Getting SW26 footprint position: (57150000, 76200000)
DEBUG: board_modifier.py:119: Setting D26 footprint position: (62230000, 80200000)
DEBUG: board_modifier.py:132: Getting SW27 footprint position: (76200000, 76200000)
DEBUG: board_modifier.py:119: Setting D27 footprint position: (81280000, 80200000)
DEBUG: board_modifier.py:132: Getting SW28 footprint position: (95250000, 76200000)
DEBUG: board_modifier.py:119: Setting D28 footprint position: (100330000, 80200000)
DEBUG: board_modifier.py:132: Getting SW29 footprint position: (114300000, 76200000)
DEBUG: board_modifier.py:119: Setting D29 footprint position: (119380000, 80200000)
DEBUG: board_modifier.py:132: Getting SW30 footprint position: (133350000, 76200000)
DEBUG: board_modifier.py:119: Setting D30 footprint position: (138430000, 80200000)
DEBUG: board_modifier.py:132: Getting SW31 footprint position: (152400000, 76200000)
DEBUG: board_modifier.py:119: Setting D31 footprint position: (157480000, 80200000)
DEBUG: board_modifier.py:132: Getting SW32 footprint position: (171450000, 76200000)
DEBUG: board_modifier.py:119: Setting D32 footprint position: (176530000, 80200000)
DEBUG: board_modifier.py:132: Getting SW33 footprint position: (190500000, 76200000)
DEBUG: board_modifier.py:119: Setting D33 footprint position: (195580000, 80200000)
DEBUG: board_modifier.py:132: Getting SW34 footprint position: (209550000, 76200000)
DEBUG: board_modifier.py:119: Setting D34 footprint position: (214630000, 80200000)
DEBUG: board_modifier.py:132: Getting SW35 footprint position: (228600000, 76200000)
DEBUG: board_modifier.py:119: Setting D35 footprint position: (233680000, 80200000)
DEBUG: board_modifier.py:132: Getting SW36 footprint position: (247650000, 76200000)
DEBUG: board_modifier.py:119: Setting D36 footprint position: (252730000, 80200000)
DEBUG: board_modifier.py:132: Getting SW37 footprint position: (38100000, 95250000)
DEBUG: board_modifier.py:119: Setting D37 footprint position: (43180000, 99250000)
DEBUG: board_modifier.py:132: Getting SW38 footprint position: (57150000, 95250000)
DEBUG: board_modifier.py:119: Setting D38 footprint position: (62230000, 99250000)
DEBUG: board_modifier.py:132: Getting SW39 footprint position: (76200000, 95250000)
DEBUG: board_modifier.py:119: Setting D39 footprint position: (81280000, 99250000)
DEBUG: board_modifier.py:132: Getting SW40 footprint position: (95250000, 95250000)
DEBUG: board_modifier.py:119: Setting D40 footprint position: (100330000, 99250000)
DEBUG: board_modifier.py:132: Getting SW41 footprint position: (190500000, 95250000)
DEBUG: board_modifier.py:119: Setting D41 footprint position: (195580000, 99250000)
DEBUG: board_modifier.py:132: Getting SW42 footprint position: (209550000, 95250000)
DEBUG: board_modifier.py:119: Setting D42 footprint position: (214630000, 99250000)
DEBUG: board_modifier.py:132: Getting SW43 footprint position: (228600000, 95250000)
DEBUG: board_modifier.py:119: Setting D43 footprint position: (233680000, 99250000)
DEBUG: board_modifier.py:132: Getting SW44 footprint position: (247650000, 95250000)
DEBUG: board_modifier.py:119: Setting D44 footprint position: (252730000, 99250000)
DEBUG: board_modifier.py:132: Getting SW45 footprint position: (123825000, 95250000)
DEBUG: board_modifier.py:119: Setting D45 footprint position: (128905000, 99250000)
DEBUG: board_modifier.py:132: Getting SW46 footprint position: (161925000, 95250000)
DEBUG: board_modifier.py:119: Setting D46 footprint position: (167005000, 99250000)
DEBUG: board_modifier.py:132: Getting SW48 footprint position: (177341600, 97550000)
INFO: key_placer.py:979: Placing additional elements for SW48
DEBUG: board_modifier.py:132: Getting SW48 footprint position: (177341600, 97550000)
DEBUG: board_modifier.py:84: Searching for optional ST48 footprint in D:/PCBDesign/mitten40percent/mitten40percentPCB/mitten40percent.kicad_pcb
DEBUG: board_modifier.py:89: Footprint not found
INFO: key_placer.py:979: Placing additional elements for SW46
DEBUG: board_modifier.py:132: Getting SW46 footprint position: (161925000, 95250000)
DEBUG: board_modifier.py:84: Searching for optional ST46 footprint in D:/PCBDesign/mitten40percent/mitten40percentPCB/mitten40percent.kicad_pcb
DEBUG: board_modifier.py:89: Footprint not found
INFO: key_placer.py:979: Placing additional elements for SW45
DEBUG: board_modifier.py:132: Getting SW45 footprint position: (123825000, 95250000)
DEBUG: board_modifier.py:84: Searching for optional ST45 footprint in D:/PCBDesign/mitten40percent/mitten40percentPCB/mitten40percent.kicad_pcb
DEBUG: board_modifier.py:89: Footprint not found
INFO: key_placer.py:979: Placing additional elements for SW44
DEBUG: board_modifier.py:132: Getting SW44 footprint position: (247650000, 95250000)
DEBUG: board_modifier.py:84: Searching for optional ST44 footprint in D:/PCBDesign/mitten40percent/mitten40percentPCB/mitten40percent.kicad_pcb
DEBUG: board_modifier.py:89: Footprint not found
INFO: key_placer.py:979: Placing additional elements for SW43
DEBUG: board_modifier.py:132: Getting SW43 footprint position: (228600000, 95250000)
DEBUG: board_modifier.py:84: Searching for optional ST43 footprint in D:/PCBDesign/mitten40percent/mitten40percentPCB/mitten40percent.kicad_pcb
DEBUG: board_modifier.py:89: Footprint not found
INFO: key_placer.py:979: Placing additional elements for SW42
DEBUG: board_modifier.py:132: Getting SW42 footprint position: (209550000, 95250000)
DEBUG: board_modifier.py:84: Searching for optional ST42 footprint in D:/PCBDesign/mitten40percent/mitten40percentPCB/mitten40percent.kicad_pcb
DEBUG: board_modifier.py:89: Footprint not found
INFO: key_placer.py:979: Placing additional elements for SW41
DEBUG: board_modifier.py:132: Getting SW41 footprint position: (190500000, 95250000)
DEBUG: board_modifier.py:84: Searching for optional ST41 footprint in D:/PCBDesign/mitten40percent/mitten40percentPCB/mitten40percent.kicad_pcb
DEBUG: board_modifier.py:89: Footprint not found
INFO: key_placer.py:979: Placing additional elements for SW40
DEBUG: board_modifier.py:132: Getting SW40 footprint position: (95250000, 95250000)
DEBUG: board_modifier.py:84: Searching for optional ST40 footprint in D:/PCBDesign/mitten40percent/mitten40percentPCB/mitten40percent.kicad_pcb
DEBUG: board_modifier.py:89: Footprint not found
INFO: key_placer.py:979: Placing additional elements for SW39
DEBUG: board_modifier.py:132: Getting SW39 footprint position: (76200000, 95250000)
DEBUG: board_modifier.py:84: Searching for optional ST39 footprint in D:/PCBDesign/mitten40percent/mitten40percentPCB/mitten40percent.kicad_pcb
DEBUG: board_modifier.py:89: Footprint not found
INFO: key_placer.py:979: Placing additional elements for SW38
DEBUG: board_modifier.py:132: Getting SW38 footprint position: (57150000, 95250000)
DEBUG: board_modifier.py:84: Searching for optional ST38 footprint in D:/PCBDesign/mitten40percent/mitten40percentPCB/mitten40percent.kicad_pcb
DEBUG: board_modifier.py:89: Footprint not found
INFO: key_placer.py:979: Placing additional elements for SW37
DEBUG: board_modifier.py:132: Getting SW37 footprint position: (38100000, 95250000)
DEBUG: board_modifier.py:84: Searching for optional ST37 footprint in D:/PCBDesign/mitten40percent/mitten40percentPCB/mitten40percent.kicad_pcb
DEBUG: board_modifier.py:89: Footprint not found
INFO: key_placer.py:979: Placing additional elements for SW36
DEBUG: board_modifier.py:132: Getting SW36 footprint position: (247650000, 76200000)
DEBUG: board_modifier.py:84: Searching for optional ST36 footprint in D:/PCBDesign/mitten40percent/mitten40percentPCB/mitten40percent.kicad_pcb
DEBUG: board_modifier.py:89: Footprint not found
INFO: key_placer.py:979: Placing additional elements for SW35
DEBUG: board_modifier.py:132: Getting SW35 footprint position: (228600000, 76200000)
DEBUG: board_modifier.py:84: Searching for optional ST35 footprint in D:/PCBDesign/mitten40percent/mitten40percentPCB/mitten40percent.kicad_pcb
DEBUG: board_modifier.py:89: Footprint not found
INFO: key_placer.py:979: Placing additional elements for SW34
DEBUG: board_modifier.py:132: Getting SW34 footprint position: (209550000, 76200000)
DEBUG: board_modifier.py:84: Searching for optional ST34 footprint in D:/PCBDesign/mitten40percent/mitten40percentPCB/mitten40percent.kicad_pcb
DEBUG: board_modifier.py:89: Footprint not found
INFO: key_placer.py:979: Placing additional elements for SW33
DEBUG: board_modifier.py:132: Getting SW33 footprint position: (190500000, 76200000)
DEBUG: board_modifier.py:84: Searching for optional ST33 footprint in D:/PCBDesign/mitten40percent/mitten40percentPCB/mitten40percent.kicad_pcb
DEBUG: board_modifier.py:89: Footprint not found
INFO: key_placer.py:979: Placing additional elements for SW32
DEBUG: board_modifier.py:132: Getting SW32 footprint position: (171450000, 76200000)
DEBUG: board_modifier.py:84: Searching for optional ST32 footprint in D:/PCBDesign/mitten40percent/mitten40percentPCB/mitten40percent.kicad_pcb
DEBUG: board_modifier.py:89: Footprint not found
INFO: key_placer.py:979: Placing additional elements for SW31
DEBUG: board_modifier.py:132: Getting SW31 footprint position: (152400000, 76200000)
DEBUG: board_modifier.py:84: Searching for optional ST31 footprint in D:/PCBDesign/mitten40percent/mitten40percentPCB/mitten40percent.kicad_pcb
DEBUG: board_modifier.py:89: Footprint not found
INFO: key_placer.py:979: Placing additional elements for SW30
DEBUG: board_modifier.py:132: Getting SW30 footprint position: (133350000, 76200000)
DEBUG: board_modifier.py:84: Searching for optional ST30 footprint in D:/PCBDesign/mitten40percent/mitten40percentPCB/mitten40percent.kicad_pcb
DEBUG: board_modifier.py:89: Footprint not found
INFO: key_placer.py:979: Placing additional elements for SW29
DEBUG: board_modifier.py:132: Getting SW29 footprint position: (114300000, 76200000)
DEBUG: board_modifier.py:84: Searching for optional ST29 footprint in D:/PCBDesign/mitten40percent/mitten40percentPCB/mitten40percent.kicad_pcb
DEBUG: board_modifier.py:89: Footprint not found
INFO: key_placer.py:979: Placing additional elements for SW28
DEBUG: board_modifier.py:132: Getting SW28 footprint position: (95250000, 76200000)
DEBUG: board_modifier.py:84: Searching for optional ST28 footprint in D:/PCBDesign/mitten40percent/mitten40percentPCB/mitten40percent.kicad_pcb
DEBUG: board_modifier.py:89: Footprint not found
INFO: key_placer.py:979: Placing additional elements for SW27
DEBUG: board_modifier.py:132: Getting SW27 footprint position: (76200000, 76200000)
DEBUG: board_modifier.py:84: Searching for optional ST27 footprint in D:/PCBDesign/mitten40percent/mitten40percentPCB/mitten40percent.kicad_pcb
DEBUG: board_modifier.py:89: Footprint not found
INFO: key_placer.py:979: Placing additional elements for SW26
DEBUG: board_modifier.py:132: Getting SW26 footprint position: (57150000, 76200000)
DEBUG: board_modifier.py:84: Searching for optional ST26 footprint in D:/PCBDesign/mitten40percent/mitten40percentPCB/mitten40percent.kicad_pcb
DEBUG: board_modifier.py:89: Footprint not found
INFO: key_placer.py:979: Placing additional elements for SW25
DEBUG: board_modifier.py:132: Getting SW25 footprint position: (38100000, 76200000)
DEBUG: board_modifier.py:84: Searching for optional ST25 footprint in D:/PCBDesign/mitten40percent/mitten40percentPCB/mitten40percent.kicad_pcb
DEBUG: board_modifier.py:89: Footprint not found
INFO: key_placer.py:979: Placing additional elements for SW24
DEBUG: board_modifier.py:132: Getting SW24 footprint position: (247650000, 57150000)
DEBUG: board_modifier.py:84: Searching for optional ST24 footprint in D:/PCBDesign/mitten40percent/mitten40percentPCB/mitten40percent.kicad_pcb
DEBUG: board_modifier.py:89: Footprint not found
INFO: key_placer.py:979: Placing additional elements for SW23
DEBUG: board_modifier.py:132: Getting SW23 footprint position: (228600000, 57150000)
DEBUG: board_modifier.py:84: Searching for optional ST23 footprint in D:/PCBDesign/mitten40percent/mitten40percentPCB/mitten40percent.kicad_pcb
DEBUG: board_modifier.py:89: Footprint not found
INFO: key_placer.py:979: Placing additional elements for SW22
DEBUG: board_modifier.py:132: Getting SW22 footprint position: (209550000, 57150000)
DEBUG: board_modifier.py:84: Searching for optional ST22 footprint in D:/PCBDesign/mitten40percent/mitten40percentPCB/mitten40percent.kicad_pcb
DEBUG: board_modifier.py:89: Footprint not found
INFO: key_placer.py:979: Placing additional elements for SW21
DEBUG: board_modifier.py:132: Getting SW21 footprint position: (190500000, 57150000)
DEBUG: board_modifier.py:84: Searching for optional ST21 footprint in D:/PCBDesign/mitten40percent/mitten40percentPCB/mitten40percent.kicad_pcb
DEBUG: board_modifier.py:89: Footprint not found
INFO: key_placer.py:979: Placing additional elements for SW20
DEBUG: board_modifier.py:132: Getting SW20 footprint position: (171450000, 57150000)
DEBUG: board_modifier.py:84: Searching for optional ST20 footprint in D:/PCBDesign/mitten40percent/mitten40percentPCB/mitten40percent.kicad_pcb
DEBUG: board_modifier.py:89: Footprint not found
INFO: key_placer.py:979: Placing additional elements for SW19
DEBUG: board_modifier.py:132: Getting SW19 footprint position: (152400000, 57150000)
DEBUG: board_modifier.py:84: Searching for optional ST19 footprint in D:/PCBDesign/mitten40percent/mitten40percentPCB/mitten40percent.kicad_pcb
DEBUG: board_modifier.py:89: Footprint not found
INFO: key_placer.py:979: Placing additional elements for SW18
DEBUG: board_modifier.py:132: Getting SW18 footprint position: (133350000, 57150000)
DEBUG: board_modifier.py:84: Searching for optional ST18 footprint in D:/PCBDesign/mitten40percent/mitten40percentPCB/mitten40percent.kicad_pcb
DEBUG: board_modifier.py:89: Footprint not found
INFO: key_placer.py:979: Placing additional elements for SW17
DEBUG: board_modifier.py:132: Getting SW17 footprint position: (114300000, 57150000)
DEBUG: board_modifier.py:84: Searching for optional ST17 footprint in D:/PCBDesign/mitten40percent/mitten40percentPCB/mitten40percent.kicad_pcb
DEBUG: board_modifier.py:89: Footprint not found
INFO: key_placer.py:979: Placing additional elements for SW16
DEBUG: board_modifier.py:132: Getting SW16 footprint position: (95250000, 57150000)
DEBUG: board_modifier.py:84: Searching for optional ST16 footprint in D:/PCBDesign/mitten40percent/mitten40percentPCB/mitten40percent.kicad_pcb
DEBUG: board_modifier.py:89: Footprint not found
INFO: key_placer.py:979: Placing additional elements for SW15
DEBUG: board_modifier.py:132: Getting SW15 footprint position: (76200000, 57150000)
DEBUG: board_modifier.py:84: Searching for optional ST15 footprint in D:/PCBDesign/mitten40percent/mitten40percentPCB/mitten40percent.kicad_pcb
DEBUG: board_modifier.py:89: Footprint not found
INFO: key_placer.py:979: Placing additional elements for SW14
DEBUG: board_modifier.py:132: Getting SW14 footprint position: (57150000, 57150000)
DEBUG: board_modifier.py:84: Searching for optional ST14 footprint in D:/PCBDesign/mitten40percent/mitten40percentPCB/mitten40percent.kicad_pcb
DEBUG: board_modifier.py:89: Footprint not found
INFO: key_placer.py:979: Placing additional elements for SW13
DEBUG: board_modifier.py:132: Getting SW13 footprint position: (38100000, 57150000)
DEBUG: board_modifier.py:84: Searching for optional ST13 footprint in D:/PCBDesign/mitten40percent/mitten40percentPCB/mitten40percent.kicad_pcb
DEBUG: board_modifier.py:89: Footprint not found
INFO: key_placer.py:979: Placing additional elements for SW12
DEBUG: board_modifier.py:132: Getting SW12 footprint position: (247650000, 38100000)
DEBUG: board_modifier.py:84: Searching for optional ST12 footprint in D:/PCBDesign/mitten40percent/mitten40percentPCB/mitten40percent.kicad_pcb
DEBUG: board_modifier.py:89: Footprint not found
INFO: key_placer.py:979: Placing additional elements for SW11
DEBUG: board_modifier.py:132: Getting SW11 footprint position: (228600000, 38100000)
DEBUG: board_modifier.py:84: Searching for optional ST11 footprint in D:/PCBDesign/mitten40percent/mitten40percentPCB/mitten40percent.kicad_pcb
DEBUG: board_modifier.py:89: Footprint not found
INFO: key_placer.py:979: Placing additional elements for SW10
DEBUG: board_modifier.py:132: Getting SW10 footprint position: (209550000, 38100000)
DEBUG: board_modifier.py:84: Searching for optional ST10 footprint in D:/PCBDesign/mitten40percent/mitten40percentPCB/mitten40percent.kicad_pcb
DEBUG: board_modifier.py:89: Footprint not found
INFO: key_placer.py:979: Placing additional elements for SW9
DEBUG: board_modifier.py:132: Getting SW9 footprint position: (190500000, 38100000)
DEBUG: board_modifier.py:84: Searching for optional ST9 footprint in D:/PCBDesign/mitten40percent/mitten40percentPCB/mitten40percent.kicad_pcb
DEBUG: board_modifier.py:89: Footprint not found
INFO: key_placer.py:979: Placing additional elements for SW8
DEBUG: board_modifier.py:132: Getting SW8 footprint position: (171450000, 38100000)
DEBUG: board_modifier.py:84: Searching for optional ST8 footprint in D:/PCBDesign/mitten40percent/mitten40percentPCB/mitten40percent.kicad_pcb
DEBUG: board_modifier.py:89: Footprint not found
INFO: key_placer.py:979: Placing additional elements for SW7
DEBUG: board_modifier.py:132: Getting SW7 footprint position: (152400000, 38100000)
DEBUG: board_modifier.py:84: Searching for optional ST7 footprint in D:/PCBDesign/mitten40percent/mitten40percentPCB/mitten40percent.kicad_pcb
DEBUG: board_modifier.py:89: Footprint not found
INFO: key_placer.py:979: Placing additional elements for SW6
DEBUG: board_modifier.py:132: Getting SW6 footprint position: (133350000, 38100000)
DEBUG: board_modifier.py:84: Searching for optional ST6 footprint in D:/PCBDesign/mitten40percent/mitten40percentPCB/mitten40percent.kicad_pcb
DEBUG: board_modifier.py:89: Footprint not found
INFO: key_placer.py:979: Placing additional elements for SW5
DEBUG: board_modifier.py:132: Getting SW5 footprint position: (114300000, 38100000)
DEBUG: board_modifier.py:84: Searching for optional ST5 footprint in D:/PCBDesign/mitten40percent/mitten40percentPCB/mitten40percent.kicad_pcb
DEBUG: board_modifier.py:89: Footprint not found
INFO: key_placer.py:979: Placing additional elements for SW4
DEBUG: board_modifier.py:132: Getting SW4 footprint position: (95250000, 38100000)
DEBUG: board_modifier.py:84: Searching for optional ST4 footprint in D:/PCBDesign/mitten40percent/mitten40percentPCB/mitten40percent.kicad_pcb
DEBUG: board_modifier.py:89: Footprint not found
INFO: key_placer.py:979: Placing additional elements for SW3
DEBUG: board_modifier.py:132: Getting SW3 footprint position: (76200000, 38100000)
DEBUG: board_modifier.py:84: Searching for optional ST3 footprint in D:/PCBDesign/mitten40percent/mitten40percentPCB/mitten40percent.kicad_pcb
DEBUG: board_modifier.py:89: Footprint not found
INFO: key_placer.py:979: Placing additional elements for SW2
DEBUG: board_modifier.py:132: Getting SW2 footprint position: (57150000, 38100000)
DEBUG: board_modifier.py:84: Searching for optional ST2 footprint in D:/PCBDesign/mitten40percent/mitten40percentPCB/mitten40percent.kicad_pcb
DEBUG: board_modifier.py:89: Footprint not found
INFO: key_placer.py:979: Placing additional elements for SW1
DEBUG: board_modifier.py:132: Getting SW1 footprint position: (38100000, 38100000)
DEBUG: board_modifier.py:84: Searching for optional ST1 footprint in D:/PCBDesign/mitten40percent/mitten40percentPCB/mitten40percent.kicad_pcb
DEBUG: board_modifier.py:89: Footprint not found
INFO: key_placer.py:979: Placing additional elements for SW0
DEBUG: board_modifier.py:132: Getting SW0 footprint position: (168815000, 129785000)
DEBUG: board_modifier.py:84: Searching for optional ST0 footprint in D:/PCBDesign/mitten40percent/mitten40percentPCB/mitten40percent.kicad_pcb
DEBUG: board_modifier.py:89: Footprint not found
INFO: key_placer.py:512: Routing SW46 with D46
INFO: key_placer.py:514: Using internal autorouter method
DEBUG: board_modifier.py:591: Routing at B.Cu layer
DEBUG: board_modifier.py:608: Netclass: Default, track width: 200000
INFO: board_modifier.py:674: Routing pad 'SW46:2' at (155575000, 97790000) with pad 'D46:2' at (167005000, 97600000) using coordinate system rotated by 0 degree(s)
INFO: key_placer.py:512: Routing SW45 with D45
INFO: key_placer.py:514: Using internal autorouter method
DEBUG: board_modifier.py:591: Routing at B.Cu layer
DEBUG: board_modifier.py:608: Netclass: Default, track width: 200000
INFO: board_modifier.py:674: Routing pad 'SW45:2' at (117475000, 97790000) with pad 'D45:2' at (128905000, 97600000) using coordinate system rotated by 0 degree(s)
INFO: board_modifier.py:494: Adding track segment (B.Cu): [(117475000, 97790000), (128715000, 97790000)]
INFO: board_modifier.py:494: Adding track segment (B.Cu): [(128715000, 97790000), (128905000, 97600000)]
INFO: key_placer.py:512: Routing SW44 with D44
INFO: key_placer.py:514: Using internal autorouter method
DEBUG: board_modifier.py:591: Routing at B.Cu layer
DEBUG: board_modifier.py:608: Netclass: Default, track width: 200000
INFO: board_modifier.py:674: Routing pad 'SW44:2' at (241300000, 97790000) with pad 'D44:2' at (252730000, 97600000) using coordinate system rotated by 0 degree(s)
INFO: board_modifier.py:494: Adding track segment (B.Cu): [(241300000, 97790000), (252540000, 97790000)]
INFO: board_modifier.py:494: Adding track segment (B.Cu): [(252540000, 97790000), (252730000, 97600000)]
INFO: key_placer.py:512: Routing SW43 with D43
INFO: key_placer.py:514: Using internal autorouter method
DEBUG: board_modifier.py:591: Routing at B.Cu layer
DEBUG: board_modifier.py:608: Netclass: Default, track width: 200000
INFO: board_modifier.py:674: Routing pad 'SW43:2' at (222250000, 97790000) with pad 'D43:2' at (233680000, 97600000) using coordinate system rotated by 0 degree(s)
INFO: board_modifier.py:494: Adding track segment (B.Cu): [(222250000, 97790000), (233490000, 97790000)]
INFO: board_modifier.py:494: Adding track segment (B.Cu): [(233490000, 97790000), (233680000, 97600000)]
INFO: key_placer.py:512: Routing SW42 with D42
INFO: key_placer.py:514: Using internal autorouter method
DEBUG: board_modifier.py:591: Routing at B.Cu layer
DEBUG: board_modifier.py:608: Netclass: Default, track width: 200000
INFO: board_modifier.py:674: Routing pad 'SW42:2' at (203200000, 97790000) with pad 'D42:2' at (214630000, 97600000) using coordinate system rotated by 0 degree(s)
INFO: board_modifier.py:494: Adding track segment (B.Cu): [(203200000, 97790000), (214440000, 97790000)]
INFO: board_modifier.py:494: Adding track segment (B.Cu): [(214440000, 97790000), (214630000, 97600000)]
INFO: key_placer.py:512: Routing SW41 with D41
INFO: key_placer.py:514: Using internal autorouter method
DEBUG: board_modifier.py:591: Routing at B.Cu layer
DEBUG: board_modifier.py:608: Netclass: Default, track width: 200000
INFO: board_modifier.py:674: Routing pad 'SW41:2' at (184150000, 97790000) with pad 'D41:2' at (195580000, 97600000) using coordinate system rotated by 0 degree(s)
INFO: board_modifier.py:494: Adding track segment (B.Cu): [(184150000, 97790000), (195390000, 97790000)]
INFO: board_modifier.py:494: Adding track segment (B.Cu): [(195390000, 97790000), (195580000, 97600000)]
INFO: key_placer.py:512: Routing SW40 with D40
INFO: key_placer.py:514: Using internal autorouter method
DEBUG: board_modifier.py:591: Routing at B.Cu layer
DEBUG: board_modifier.py:608: Netclass: Default, track width: 200000
INFO: board_modifier.py:674: Routing pad 'SW40:2' at (88900000, 97790000) with pad 'D40:2' at (100330000, 97600000) using coordinate system rotated by 0 degree(s)
INFO: board_modifier.py:494: Adding track segment (B.Cu): [(88900000, 97790000), (100140000, 97790000)]
INFO: board_modifier.py:494: Adding track segment (B.Cu): [(100140000, 97790000), (100330000, 97600000)]
INFO: key_placer.py:512: Routing SW39 with D39
INFO: key_placer.py:514: Using internal autorouter method
DEBUG: board_modifier.py:591: Routing at B.Cu layer
DEBUG: board_modifier.py:608: Netclass: Default, track width: 200000
INFO: board_modifier.py:674: Routing pad 'SW39:2' at (69850000, 97790000) with pad 'D39:2' at (81280000, 97600000) using coordinate system rotated by 0 degree(s)
INFO: board_modifier.py:494: Adding track segment (B.Cu): [(69850000, 97790000), (81090000, 97790000)]
INFO: board_modifier.py:494: Adding track segment (B.Cu): [(81090000, 97790000), (81280000, 97600000)]
INFO: key_placer.py:512: Routing SW38 with D38
INFO: key_placer.py:514: Using internal autorouter method
DEBUG: board_modifier.py:591: Routing at B.Cu layer
DEBUG: board_modifier.py:608: Netclass: Default, track width: 200000
INFO: board_modifier.py:674: Routing pad 'SW38:2' at (50800000, 97790000) with pad 'D38:2' at (62230000, 97600000) using coordinate system rotated by 0 degree(s)
INFO: board_modifier.py:494: Adding track segment (B.Cu): [(50800000, 97790000), (62040000, 97790000)]
INFO: board_modifier.py:494: Adding track segment (B.Cu): [(62040000, 97790000), (62230000, 97600000)]
INFO: key_placer.py:512: Routing SW37 with D37
INFO: key_placer.py:514: Using internal autorouter method
DEBUG: board_modifier.py:591: Routing at B.Cu layer
DEBUG: board_modifier.py:608: Netclass: Default, track width: 200000
INFO: board_modifier.py:674: Routing pad 'SW37:2' at (31750000, 97790000) with pad 'D37:2' at (43180000, 97600000) using coordinate system rotated by 0 degree(s)
INFO: board_modifier.py:494: Adding track segment (B.Cu): [(31750000, 97790000), (42990000, 97790000)]
INFO: board_modifier.py:494: Adding track segment (B.Cu): [(42990000, 97790000), (43180000, 97600000)]
INFO: key_placer.py:512: Routing SW36 with D36
INFO: key_placer.py:514: Using internal autorouter method
DEBUG: board_modifier.py:591: Routing at B.Cu layer
DEBUG: board_modifier.py:608: Netclass: Default, track width: 200000
INFO: board_modifier.py:674: Routing pad 'SW36:2' at (241300000, 78740000) with pad 'D36:2' at (252730000, 78550000) using coordinate system rotated by 0 degree(s)
INFO: board_modifier.py:494: Adding track segment (B.Cu): [(241300000, 78740000), (252540000, 78740000)]
INFO: board_modifier.py:494: Adding track segment (B.Cu): [(252540000, 78740000), (252730000, 78550000)]
INFO: key_placer.py:512: Routing SW35 with D35
INFO: key_placer.py:514: Using internal autorouter method
DEBUG: board_modifier.py:591: Routing at B.Cu layer
DEBUG: board_modifier.py:608: Netclass: Default, track width: 200000
INFO: board_modifier.py:674: Routing pad 'SW35:2' at (222250000, 78740000) with pad 'D35:2' at (233680000, 78550000) using coordinate system rotated by 0 degree(s)
INFO: board_modifier.py:494: Adding track segment (B.Cu): [(222250000, 78740000), (233490000, 78740000)]
INFO: board_modifier.py:494: Adding track segment (B.Cu): [(233490000, 78740000), (233680000, 78550000)]
INFO: key_placer.py:512: Routing SW34 with D34
INFO: key_placer.py:514: Using internal autorouter method
DEBUG: board_modifier.py:591: Routing at B.Cu layer
DEBUG: board_modifier.py:608: Netclass: Default, track width: 200000
INFO: board_modifier.py:674: Routing pad 'SW34:2' at (203200000, 78740000) with pad 'D34:2' at (214630000, 78550000) using coordinate system rotated by 0 degree(s)
INFO: board_modifier.py:494: Adding track segment (B.Cu): [(203200000, 78740000), (214440000, 78740000)]
INFO: board_modifier.py:494: Adding track segment (B.Cu): [(214440000, 78740000), (214630000, 78550000)]
INFO: key_placer.py:512: Routing SW33 with D33
INFO: key_placer.py:514: Using internal autorouter method
DEBUG: board_modifier.py:591: Routing at B.Cu layer
DEBUG: board_modifier.py:608: Netclass: Default, track width: 200000
INFO: board_modifier.py:674: Routing pad 'SW33:2' at (184150000, 78740000) with pad 'D33:2' at (195580000, 78550000) using coordinate system rotated by 0 degree(s)
INFO: board_modifier.py:494: Adding track segment (B.Cu): [(184150000, 78740000), (195390000, 78740000)]
INFO: board_modifier.py:494: Adding track segment (B.Cu): [(195390000, 78740000), (195580000, 78550000)]
INFO: key_placer.py:512: Routing SW32 with D32
INFO: key_placer.py:514: Using internal autorouter method
DEBUG: board_modifier.py:591: Routing at B.Cu layer
DEBUG: board_modifier.py:608: Netclass: Default, track width: 200000
INFO: board_modifier.py:674: Routing pad 'SW32:2' at (165100000, 78740000) with pad 'D32:2' at (176530000, 78550000) using coordinate system rotated by 0 degree(s)
INFO: board_modifier.py:494: Adding track segment (B.Cu): [(165100000, 78740000), (176340000, 78740000)]
INFO: board_modifier.py:494: Adding track segment (B.Cu): [(176340000, 78740000), (176530000, 78550000)]
INFO: key_placer.py:512: Routing SW31 with D31
INFO: key_placer.py:514: Using internal autorouter method
DEBUG: board_modifier.py:591: Routing at B.Cu layer
DEBUG: board_modifier.py:608: Netclass: Default, track width: 200000
INFO: board_modifier.py:674: Routing pad 'SW31:2' at (146050000, 78740000) with pad 'D31:2' at (157480000, 78550000) using coordinate system rotated by 0 degree(s)
INFO: board_modifier.py:494: Adding track segment (B.Cu): [(146050000, 78740000), (157290000, 78740000)]
INFO: board_modifier.py:494: Adding track segment (B.Cu): [(157290000, 78740000), (157480000, 78550000)]
INFO: key_placer.py:512: Routing SW30 with D30
INFO: key_placer.py:514: Using internal autorouter method
DEBUG: board_modifier.py:591: Routing at B.Cu layer
DEBUG: board_modifier.py:608: Netclass: Default, track width: 200000
INFO: board_modifier.py:674: Routing pad 'SW30:2' at (127000000, 78740000) with pad 'D30:2' at (138430000, 78550000) using coordinate system rotated by 0 degree(s)
INFO: board_modifier.py:494: Adding track segment (B.Cu): [(127000000, 78740000), (138240000, 78740000)]
INFO: board_modifier.py:494: Adding track segment (B.Cu): [(138240000, 78740000), (138430000, 78550000)]
INFO: key_placer.py:512: Routing SW29 with D29
INFO: key_placer.py:514: Using internal autorouter method
DEBUG: board_modifier.py:591: Routing at B.Cu layer
DEBUG: board_modifier.py:608: Netclass: Default, track width: 200000
INFO: board_modifier.py:674: Routing pad 'SW29:2' at (107950000, 78740000) with pad 'D29:2' at (119380000, 78550000) using coordinate system rotated by 0 degree(s)
INFO: board_modifier.py:494: Adding track segment (B.Cu): [(107950000, 78740000), (119190000, 78740000)]
INFO: board_modifier.py:494: Adding track segment (B.Cu): [(119190000, 78740000), (119380000, 78550000)]
INFO: key_placer.py:512: Routing SW28 with D28
INFO: key_placer.py:514: Using internal autorouter method
DEBUG: board_modifier.py:591: Routing at B.Cu layer
DEBUG: board_modifier.py:608: Netclass: Default, track width: 200000
INFO: board_modifier.py:674: Routing pad 'SW28:2' at (88900000, 78740000) with pad 'D28:2' at (100330000, 78550000) using coordinate system rotated by 0 degree(s)
INFO: board_modifier.py:494: Adding track segment (B.Cu): [(88900000, 78740000), (100140000, 78740000)]
INFO: board_modifier.py:494: Adding track segment (B.Cu): [(100140000, 78740000), (100330000, 78550000)]
INFO: key_placer.py:512: Routing SW27 with D27
INFO: key_placer.py:514: Using internal autorouter method
DEBUG: board_modifier.py:591: Routing at B.Cu layer
DEBUG: board_modifier.py:608: Netclass: Default, track width: 200000
INFO: board_modifier.py:674: Routing pad 'SW27:2' at (69850000, 78740000) with pad 'D27:2' at (81280000, 78550000) using coordinate system rotated by 0 degree(s)
INFO: board_modifier.py:494: Adding track segment (B.Cu): [(69850000, 78740000), (81090000, 78740000)]
INFO: board_modifier.py:494: Adding track segment (B.Cu): [(81090000, 78740000), (81280000, 78550000)]
INFO: key_placer.py:512: Routing SW26 with D26
INFO: key_placer.py:514: Using internal autorouter method
DEBUG: board_modifier.py:591: Routing at B.Cu layer
DEBUG: board_modifier.py:608: Netclass: Default, track width: 200000
INFO: board_modifier.py:674: Routing pad 'SW26:2' at (50800000, 78740000) with pad 'D26:2' at (62230000, 78550000) using coordinate system rotated by 0 degree(s)
INFO: board_modifier.py:494: Adding track segment (B.Cu): [(50800000, 78740000), (62040000, 78740000)]
INFO: board_modifier.py:494: Adding track segment (B.Cu): [(62040000, 78740000), (62230000, 78550000)]
INFO: key_placer.py:512: Routing SW25 with D25
INFO: key_placer.py:514: Using internal autorouter method
DEBUG: board_modifier.py:591: Routing at B.Cu layer
DEBUG: board_modifier.py:608: Netclass: Default, track width: 200000
INFO: board_modifier.py:674: Routing pad 'SW25:2' at (31750000, 78740000) with pad 'D25:2' at (43180000, 78550000) using coordinate system rotated by 0 degree(s)
INFO: board_modifier.py:494: Adding track segment (B.Cu): [(31750000, 78740000), (42990000, 78740000)]
INFO: board_modifier.py:494: Adding track segment (B.Cu): [(42990000, 78740000), (43180000, 78550000)]
INFO: key_placer.py:512: Routing SW24 with D24
INFO: key_placer.py:514: Using internal autorouter method
DEBUG: board_modifier.py:591: Routing at B.Cu layer
DEBUG: board_modifier.py:608: Netclass: Default, track width: 200000
INFO: board_modifier.py:674: Routing pad 'SW24:2' at (241300000, 59690000) with pad 'D24:2' at (252730000, 59500000) using coordinate system rotated by 0 degree(s)
INFO: board_modifier.py:494: Adding track segment (B.Cu): [(241300000, 59690000), (252540000, 59690000)]
INFO: board_modifier.py:494: Adding track segment (B.Cu): [(252540000, 59690000), (252730000, 59500000)]
INFO: key_placer.py:512: Routing SW23 with D23
INFO: key_placer.py:514: Using internal autorouter method
DEBUG: board_modifier.py:591: Routing at B.Cu layer
DEBUG: board_modifier.py:608: Netclass: Default, track width: 200000
INFO: board_modifier.py:674: Routing pad 'SW23:2' at (222250000, 59690000) with pad 'D23:2' at (233680000, 59500000) using coordinate system rotated by 0 degree(s)
INFO: board_modifier.py:494: Adding track segment (B.Cu): [(222250000, 59690000), (233490000, 59690000)]
INFO: board_modifier.py:494: Adding track segment (B.Cu): [(233490000, 59690000), (233680000, 59500000)]
INFO: key_placer.py:512: Routing SW22 with D22
INFO: key_placer.py:514: Using internal autorouter method
DEBUG: board_modifier.py:591: Routing at B.Cu layer
DEBUG: board_modifier.py:608: Netclass: Default, track width: 200000
INFO: board_modifier.py:674: Routing pad 'SW22:2' at (203200000, 59690000) with pad 'D22:2' at (214630000, 59500000) using coordinate system rotated by 0 degree(s)
INFO: board_modifier.py:494: Adding track segment (B.Cu): [(203200000, 59690000), (214440000, 59690000)]
INFO: board_modifier.py:494: Adding track segment (B.Cu): [(214440000, 59690000), (214630000, 59500000)]
INFO: key_placer.py:512: Routing SW21 with D21
INFO: key_placer.py:514: Using internal autorouter method
DEBUG: board_modifier.py:591: Routing at B.Cu layer
DEBUG: board_modifier.py:608: Netclass: Default, track width: 200000
INFO: board_modifier.py:674: Routing pad 'SW21:2' at (184150000, 59690000) with pad 'D21:2' at (195580000, 59500000) using coordinate system rotated by 0 degree(s)
INFO: board_modifier.py:494: Adding track segment (B.Cu): [(184150000, 59690000), (195390000, 59690000)]
INFO: board_modifier.py:494: Adding track segment (B.Cu): [(195390000, 59690000), (195580000, 59500000)]
INFO: key_placer.py:512: Routing SW20 with D20
INFO: key_placer.py:514: Using internal autorouter method
DEBUG: board_modifier.py:591: Routing at B.Cu layer
DEBUG: board_modifier.py:608: Netclass: Default, track width: 200000
INFO: board_modifier.py:674: Routing pad 'SW20:2' at (165100000, 59690000) with pad 'D20:2' at (176530000, 59500000) using coordinate system rotated by 0 degree(s)
INFO: board_modifier.py:494: Adding track segment (B.Cu): [(165100000, 59690000), (176340000, 59690000)]
INFO: board_modifier.py:494: Adding track segment (B.Cu): [(176340000, 59690000), (176530000, 59500000)]
INFO: key_placer.py:512: Routing SW19 with D19
INFO: key_placer.py:514: Using internal autorouter method
DEBUG: board_modifier.py:591: Routing at B.Cu layer
DEBUG: board_modifier.py:608: Netclass: Default, track width: 200000
INFO: board_modifier.py:674: Routing pad 'SW19:2' at (146050000, 59690000) with pad 'D19:2' at (157480000, 59500000) using coordinate system rotated by 0 degree(s)
INFO: board_modifier.py:494: Adding track segment (B.Cu): [(146050000, 59690000), (157290000, 59690000)]
INFO: board_modifier.py:494: Adding track segment (B.Cu): [(157290000, 59690000), (157480000, 59500000)]
INFO: key_placer.py:512: Routing SW18 with D18
INFO: key_placer.py:514: Using internal autorouter method
DEBUG: board_modifier.py:591: Routing at B.Cu layer
DEBUG: board_modifier.py:608: Netclass: Default, track width: 200000
INFO: board_modifier.py:674: Routing pad 'SW18:2' at (127000000, 59690000) with pad 'D18:2' at (138430000, 59500000) using coordinate system rotated by 0 degree(s)
INFO: board_modifier.py:494: Adding track segment (B.Cu): [(127000000, 59690000), (138240000, 59690000)]
INFO: board_modifier.py:494: Adding track segment (B.Cu): [(138240000, 59690000), (138430000, 59500000)]
INFO: key_placer.py:512: Routing SW17 with D17
INFO: key_placer.py:514: Using internal autorouter method
DEBUG: board_modifier.py:591: Routing at B.Cu layer
DEBUG: board_modifier.py:608: Netclass: Default, track width: 200000
INFO: board_modifier.py:674: Routing pad 'SW17:2' at (107950000, 59690000) with pad 'D17:2' at (119380000, 59500000) using coordinate system rotated by 0 degree(s)
INFO: board_modifier.py:494: Adding track segment (B.Cu): [(107950000, 59690000), (119190000, 59690000)]
INFO: board_modifier.py:494: Adding track segment (B.Cu): [(119190000, 59690000), (119380000, 59500000)]
INFO: key_placer.py:512: Routing SW16 with D16
INFO: key_placer.py:514: Using internal autorouter method
DEBUG: board_modifier.py:591: Routing at B.Cu layer
DEBUG: board_modifier.py:608: Netclass: Default, track width: 200000
INFO: board_modifier.py:674: Routing pad 'SW16:2' at (88900000, 59690000) with pad 'D16:2' at (100330000, 59500000) using coordinate system rotated by 0 degree(s)
INFO: board_modifier.py:494: Adding track segment (B.Cu): [(88900000, 59690000), (100140000, 59690000)]
INFO: board_modifier.py:494: Adding track segment (B.Cu): [(100140000, 59690000), (100330000, 59500000)]
INFO: key_placer.py:512: Routing SW15 with D15
INFO: key_placer.py:514: Using internal autorouter method
DEBUG: board_modifier.py:591: Routing at B.Cu layer
DEBUG: board_modifier.py:608: Netclass: Default, track width: 200000
INFO: board_modifier.py:674: Routing pad 'SW15:2' at (69850000, 59690000) with pad 'D15:2' at (81280000, 59500000) using coordinate system rotated by 0 degree(s)
INFO: board_modifier.py:494: Adding track segment (B.Cu): [(69850000, 59690000), (81090000, 59690000)]
INFO: board_modifier.py:494: Adding track segment (B.Cu): [(81090000, 59690000), (81280000, 59500000)]
INFO: key_placer.py:512: Routing SW14 with D14
INFO: key_placer.py:514: Using internal autorouter method
DEBUG: board_modifier.py:591: Routing at B.Cu layer
DEBUG: board_modifier.py:608: Netclass: Default, track width: 200000
INFO: board_modifier.py:674: Routing pad 'SW14:2' at (50800000, 59690000) with pad 'D14:2' at (62230000, 59500000) using coordinate system rotated by 0 degree(s)
INFO: board_modifier.py:494: Adding track segment (B.Cu): [(50800000, 59690000), (62040000, 59690000)]
INFO: board_modifier.py:494: Adding track segment (B.Cu): [(62040000, 59690000), (62230000, 59500000)]
INFO: key_placer.py:512: Routing SW13 with D13
INFO: key_placer.py:514: Using internal autorouter method
DEBUG: board_modifier.py:591: Routing at B.Cu layer
DEBUG: board_modifier.py:608: Netclass: Default, track width: 200000
INFO: board_modifier.py:674: Routing pad 'SW13:2' at (31750000, 59690000) with pad 'D13:2' at (43180000, 59500000) using coordinate system rotated by 0 degree(s)
INFO: board_modifier.py:494: Adding track segment (B.Cu): [(31750000, 59690000), (42990000, 59690000)]
INFO: board_modifier.py:494: Adding track segment (B.Cu): [(42990000, 59690000), (43180000, 59500000)]
INFO: key_placer.py:512: Routing SW12 with D12
INFO: key_placer.py:514: Using internal autorouter method
DEBUG: board_modifier.py:591: Routing at B.Cu layer
DEBUG: board_modifier.py:608: Netclass: Default, track width: 200000
INFO: board_modifier.py:674: Routing pad 'SW12:2' at (241300000, 40640000) with pad 'D12:2' at (252730000, 40450000) using coordinate system rotated by 0 degree(s)
INFO: board_modifier.py:494: Adding track segment (B.Cu): [(241300000, 40640000), (252540000, 40640000)]
INFO: board_modifier.py:494: Adding track segment (B.Cu): [(252540000, 40640000), (252730000, 40450000)]
INFO: key_placer.py:512: Routing SW11 with D11
INFO: key_placer.py:514: Using internal autorouter method
DEBUG: board_modifier.py:591: Routing at B.Cu layer
DEBUG: board_modifier.py:608: Netclass: Default, track width: 200000
INFO: board_modifier.py:674: Routing pad 'SW11:2' at (222250000, 40640000) with pad 'D11:2' at (233680000, 40450000) using coordinate system rotated by 0 degree(s)
INFO: board_modifier.py:494: Adding track segment (B.Cu): [(222250000, 40640000), (233490000, 40640000)]
INFO: board_modifier.py:494: Adding track segment (B.Cu): [(233490000, 40640000), (233680000, 40450000)]
INFO: key_placer.py:512: Routing SW10 with D10
INFO: key_placer.py:514: Using internal autorouter method
DEBUG: board_modifier.py:591: Routing at B.Cu layer
DEBUG: board_modifier.py:608: Netclass: Default, track width: 200000
INFO: board_modifier.py:674: Routing pad 'SW10:2' at (203200000, 40640000) with pad 'D10:2' at (214630000, 40450000) using coordinate system rotated by 0 degree(s)
INFO: board_modifier.py:494: Adding track segment (B.Cu): [(203200000, 40640000), (214440000, 40640000)]
INFO: board_modifier.py:494: Adding track segment (B.Cu): [(214440000, 40640000), (214630000, 40450000)]
INFO: key_placer.py:512: Routing SW9 with D9
INFO: key_placer.py:514: Using internal autorouter method
DEBUG: board_modifier.py:591: Routing at B.Cu layer
DEBUG: board_modifier.py:608: Netclass: Default, track width: 200000
INFO: board_modifier.py:674: Routing pad 'SW9:2' at (184150000, 40640000) with pad 'D9:2' at (195580000, 40450000) using coordinate system rotated by 0 degree(s)
INFO: board_modifier.py:494: Adding track segment (B.Cu): [(184150000, 40640000), (195390000, 40640000)]
INFO: board_modifier.py:494: Adding track segment (B.Cu): [(195390000, 40640000), (195580000, 40450000)]
INFO: key_placer.py:512: Routing SW8 with D8
INFO: key_placer.py:514: Using internal autorouter method
DEBUG: board_modifier.py:591: Routing at B.Cu layer
DEBUG: board_modifier.py:608: Netclass: Default, track width: 200000
INFO: board_modifier.py:674: Routing pad 'SW8:2' at (165100000, 40640000) with pad 'D8:2' at (176530000, 40450000) using coordinate system rotated by 0 degree(s)
INFO: board_modifier.py:494: Adding track segment (B.Cu): [(165100000, 40640000), (176340000, 40640000)]
INFO: board_modifier.py:494: Adding track segment (B.Cu): [(176340000, 40640000), (176530000, 40450000)]
INFO: key_placer.py:512: Routing SW7 with D7
INFO: key_placer.py:514: Using internal autorouter method
DEBUG: board_modifier.py:591: Routing at B.Cu layer
DEBUG: board_modifier.py:608: Netclass: Default, track width: 200000
INFO: board_modifier.py:674: Routing pad 'SW7:2' at (146050000, 40640000) with pad 'D7:2' at (157480000, 40450000) using coordinate system rotated by 0 degree(s)
INFO: board_modifier.py:494: Adding track segment (B.Cu): [(146050000, 40640000), (157290000, 40640000)]
INFO: board_modifier.py:494: Adding track segment (B.Cu): [(157290000, 40640000), (157480000, 40450000)]
INFO: key_placer.py:512: Routing SW6 with D6
INFO: key_placer.py:514: Using internal autorouter method
DEBUG: board_modifier.py:591: Routing at B.Cu layer
DEBUG: board_modifier.py:608: Netclass: Default, track width: 200000
INFO: board_modifier.py:674: Routing pad 'SW6:2' at (127000000, 40640000) with pad 'D6:2' at (138430000, 40450000) using coordinate system rotated by 0 degree(s)
INFO: board_modifier.py:494: Adding track segment (B.Cu): [(127000000, 40640000), (138240000, 40640000)]
INFO: board_modifier.py:494: Adding track segment (B.Cu): [(138240000, 40640000), (138430000, 40450000)]
INFO: key_placer.py:512: Routing SW5 with D5
INFO: key_placer.py:514: Using internal autorouter method
DEBUG: board_modifier.py:591: Routing at B.Cu layer
DEBUG: board_modifier.py:608: Netclass: Default, track width: 200000
INFO: board_modifier.py:674: Routing pad 'SW5:2' at (107950000, 40640000) with pad 'D5:2' at (119380000, 40450000) using coordinate system rotated by 0 degree(s)
INFO: board_modifier.py:494: Adding track segment (B.Cu): [(107950000, 40640000), (119190000, 40640000)]
INFO: board_modifier.py:494: Adding track segment (B.Cu): [(119190000, 40640000), (119380000, 40450000)]
INFO: key_placer.py:512: Routing SW4 with D4
INFO: key_placer.py:514: Using internal autorouter method
DEBUG: board_modifier.py:591: Routing at B.Cu layer
DEBUG: board_modifier.py:608: Netclass: Default, track width: 200000
INFO: board_modifier.py:674: Routing pad 'SW4:2' at (88900000, 40640000) with pad 'D4:2' at (100330000, 40450000) using coordinate system rotated by 0 degree(s)
INFO: board_modifier.py:494: Adding track segment (B.Cu): [(88900000, 40640000), (100140000, 40640000)]
INFO: board_modifier.py:494: Adding track segment (B.Cu): [(100140000, 40640000), (100330000, 40450000)]
INFO: key_placer.py:512: Routing SW3 with D3
INFO: key_placer.py:514: Using internal autorouter method
DEBUG: board_modifier.py:591: Routing at B.Cu layer
DEBUG: board_modifier.py:608: Netclass: Default, track width: 200000
INFO: board_modifier.py:674: Routing pad 'SW3:2' at (69850000, 40640000) with pad 'D3:2' at (81280000, 40450000) using coordinate system rotated by 0 degree(s)
INFO: board_modifier.py:494: Adding track segment (B.Cu): [(69850000, 40640000), (81090000, 40640000)]
INFO: board_modifier.py:494: Adding track segment (B.Cu): [(81090000, 40640000), (81280000, 40450000)]
INFO: key_placer.py:512: Routing SW2 with D2
INFO: key_placer.py:514: Using internal autorouter method
DEBUG: board_modifier.py:591: Routing at B.Cu layer
DEBUG: board_modifier.py:608: Netclass: Default, track width: 200000
INFO: board_modifier.py:674: Routing pad 'SW2:2' at (50800000, 40640000) with pad 'D2:2' at (62230000, 40450000) using coordinate system rotated by 0 degree(s)
INFO: board_modifier.py:494: Adding track segment (B.Cu): [(50800000, 40640000), (62040000, 40640000)]
INFO: board_modifier.py:494: Adding track segment (B.Cu): [(62040000, 40640000), (62230000, 40450000)]
INFO: key_placer.py:512: Routing SW1 with D1
INFO: key_placer.py:514: Using internal autorouter method
DEBUG: board_modifier.py:591: Routing at B.Cu layer
DEBUG: board_modifier.py:608: Netclass: Default, track width: 200000
INFO: board_modifier.py:674: Routing pad 'SW1:2' at (31750000, 40640000) with pad 'D1:2' at (43180000, 40450000) using coordinate system rotated by 0 degree(s)
INFO: board_modifier.py:494: Adding track segment (B.Cu): [(31750000, 40640000), (42990000, 40640000)]
INFO: board_modifier.py:494: Adding track segment (B.Cu): [(42990000, 40640000), (43180000, 40450000)]
INFO: key_placer.py:546: Removing dangling tracks
